// Jest Snapshot v1, https://goo.gl/fbAQLP

exports[`licensing-chart should match with snapshot 1`] = `
Array [
  Object {
    "apiVersion": "v1",
    "data": Object {
      "APM_ENABLED": "true",
      "APM_TRANSACTION_SAMPLE_RATE": "0.1",
      "APM_URL": "https://apm.bettermarks.com",
      "LOG_FORMAT": "json",
      "LOG_LEVEL": "DEBUG",
      "SEGMENT": "dev00",
    },
    "immutable": false,
    "kind": "ConfigMap",
    "metadata": Object {
      "name": "licensing-configmap",
      "namespace": "dummy-namespace",
    },
  },
  Object {
    "apiVersion": "apps/v1",
    "kind": "Deployment",
    "metadata": Object {
      "name": "licensing-api-deployment",
      "namespace": "dummy-namespace",
    },
    "spec": Object {
      "replicas": 2,
      "selector": Object {
        "matchLabels": Object {
          "app": "licensing-api",
        },
      },
      "template": Object {
        "metadata": Object {
          "labels": Object {
            "app": "licensing-api",
            "deploymentId": "licensing-api-11defd82800",
          },
        },
        "spec": Object {
          "containers": Array [
            Object {
              "envFrom": Array [
                Object {
                  "configMapRef": Object {
                    "name": "licensing-configmap",
                  },
                },
                Object {
                  "secretRef": Object {
                    "name": "postgres-secret",
                  },
                },
                Object {
                  "secretRef": Object {
                    "name": "application-secret",
                  },
                },
              ],
              "image": "676249682729.dkr.ecr.eu-central-1.amazonaws.com/bm-glu:e6b588df29edbf984d876e195bdaee5230c5ad92",
              "imagePullPolicy": "IfNotPresent",
              "livenessProbe": Object {
                "httpGet": Object {
                  "path": "/v1/status",
                  "port": 8000,
                },
                "initialDelaySeconds": 10,
              },
              "name": "licensing-api",
              "ports": Array [
                Object {
                  "containerPort": 8000,
                },
              ],
              "readinessProbe": Object {
                "httpGet": Object {
                  "path": "/v1/status",
                  "port": 8000,
                },
                "initialDelaySeconds": 10,
              },
              "resources": Object {
                "limits": Object {
                  "cpu": 1,
                  "memory": "256Mi",
                },
                "requests": Object {
                  "cpu": 0.2,
                  "memory": "128Mi",
                },
              },
            },
          ],
          "initContainers": Array [],
          "nodeSelector": Object {
            "nodetype": "application",
          },
          "serviceAccountName": "dummy-service-account",
          "topologySpreadConstraints": Array [
            Object {
              "labelSelector": Object {
                "matchLabels": Object {
                  "app": "licensing-api",
                },
              },
              "maxSkew": 1,
              "topologyKey": "nodetype",
              "whenUnsatisfiable": "DoNotSchedule",
            },
          ],
        },
      },
    },
  },
  Object {
    "apiVersion": "v1",
    "kind": "Service",
    "metadata": Object {
      "name": "licensing-api",
      "namespace": "dummy-namespace",
    },
    "spec": Object {
      "ports": Array [
        Object {
          "port": 80,
          "targetPort": 8000,
        },
      ],
      "selector": Object {
        "app": "licensing-api",
      },
      "type": "ClusterIP",
    },
  },
]
`;
